off/7fd25f7c_nohash_0.wav
off/cab100c9_nohash_0.wav
off/c50225fa_nohash_1.wav
off/bdee441c_nohash_3.wav
off/d197e3ae_nohash_0.wav
off/0ab3b47d_nohash_1.wav
off/96c67073_nohash_0.wav
off/19b05529_nohash_0.wav
off/dbb40d24_nohash_0.wav
off/22aa3665_nohash_1.wav
off/258f4559_nohash_2.wav
off/23ad12d8_nohash_0.wav
off/d197e3ae_nohash_3.wav
off/53d5b86f_nohash_0.wav
off/e8c3c5ca_nohash_0.wav
off/605ed0ff_nohash_0.wav
off/ad63d93c_nohash_0.wav
off/439c84f4_nohash_4.wav
off/8b775397_nohash_0.wav
off/86478fab_nohash_0.wav
off/c6ee87a7_nohash_3.wav
off/16db1582_nohash_0.wav
off/f17be97f_nohash_4.wav
off/c50225fa_nohash_2.wav
off/10f2bb12_nohash_0.wav
off/d107dc42_nohash_0.wav
off/c50225fa_nohash_0.wav
off/e95c70e2_nohash_0.wav
off/c24d96eb_nohash_0.wav
off/b0f24c9b_nohash_0.wav
off/b7a6f709_nohash_0.wav
off/099d52ad_nohash_1.wav
off/a8cf01bc_nohash_0.wav
off/52e228e9_nohash_0.wav
off/dbb40d24_nohash_4.wav
off/56eb74ae_nohash_2.wav
off/ec21c46b_nohash_2.wav
off/7117fb6d_nohash_0.wav
off/026290a7_nohash_0.wav
off/edc53350_nohash_0.wav
off/e54a0f16_nohash_0.wav
off/105e72bb_nohash_0.wav
off/10f2bb12_nohash_1.wav
off/3e2ba5f7_nohash_0.wav
off/52e228e9_nohash_2.wav
off/5fadb538_nohash_1.wav
off/d57febf0_nohash_0.wav
off/794cdfc5_nohash_2.wav
off/099d52ad_nohash_2.wav
off/3aa6f4e2_nohash_0.wav
off/3bdf05d3_nohash_4.wav
off/c24d96eb_nohash_1.wav
off/d197e3ae_nohash_2.wav
off/ad63d93c_nohash_2.wav
off/e54a0f16_nohash_1.wav
off/86402da1_nohash_0.wav
off/439c84f4_nohash_1.wav
off/c4cfbe43_nohash_0.wav
off/c099668c_nohash_0.wav
off/f9ebdba0_nohash_0.wav
off/264f471d_nohash_1.wav
off/7117fb6d_nohash_1.wav
off/439c84f4_nohash_3.wav
off/dd086776_nohash_1.wav
off/099d52ad_nohash_4.wav
off/c6ee87a7_nohash_2.wav
off/c6389ab0_nohash_1.wav
off/f5e5e8b0_nohash_0.wav
off/a6d586b7_nohash_1.wav
off/dca2797e_nohash_4.wav
off/439c84f4_nohash_0.wav
off/ccea893d_nohash_0.wav
off/471a0925_nohash_1.wav
off/471a0925_nohash_4.wav
off/471a0925_nohash_3.wav
off/b487da60_nohash_0.wav
off/a6d586b7_nohash_2.wav
off/c6ee87a7_nohash_4.wav
off/ccea893d_nohash_1.wav
off/56eb74ae_nohash_3.wav
off/bdee441c_nohash_6.wav
off/bdee441c_nohash_2.wav
off/2296b1af_nohash_0.wav
off/16db1582_nohash_1.wav
off/989a2213_nohash_0.wav
off/e8c3c5ca_nohash_1.wav
off/3bdf05d3_nohash_2.wav
off/1aed7c6d_nohash_0.wav
off/62641b88_nohash_1.wav
off/2296b1af_nohash_2.wav
off/9cde5de8_nohash_0.wav
off/b487da60_nohash_1.wav
off/86402da1_nohash_2.wav
off/538e1856_nohash_0.wav
off/19b05529_nohash_2.wav
off/7eee5973_nohash_0.wav
off/099d52ad_nohash_3.wav
off/3e2ba5f7_nohash_1.wav
off/e8e960fd_nohash_1.wav
off/ab7b5acd_nohash_0.wav
off/5fadb538_nohash_0.wav
off/c6389ab0_nohash_0.wav
off/a6d586b7_nohash_4.wav
off/6c0f6493_nohash_1.wav
off/f3cee168_nohash_0.wav
off/5fadb538_nohash_3.wav
off/6c0f6493_nohash_3.wav
off/dca2797e_nohash_3.wav
off/258f4559_nohash_1.wav
off/7c1d8533_nohash_0.wav
off/65ec06e5_nohash_0.wav
off/bdee441c_nohash_1.wav
off/7c1d8533_nohash_2.wav
off/c50225fa_nohash_3.wav
off/dca2797e_nohash_0.wav
off/3b853f44_nohash_1.wav
off/bdb26021_nohash_0.wav
off/48bfde8e_nohash_1.wav
off/f3cee168_nohash_1.wav
off/8910e5ef_nohash_1.wav
off/bdb26021_nohash_2.wav
off/538e1856_nohash_1.wav
off/b7016c27_nohash_0.wav
off/db9d52d2_nohash_1.wav
off/a8cf01bc_nohash_1.wav
off/4abefdf5_nohash_0.wav
off/ec21c46b_nohash_0.wav
off/d55aa56c_nohash_2.wav
off/7eee5973_nohash_1.wav
off/b0c0197e_nohash_0.wav
off/f17be97f_nohash_2.wav
off/6a27a9bf_nohash_0.wav
off/57cb3575_nohash_0.wav
off/44c201dd_nohash_0.wav
off/bca56796_nohash_0.wav
off/52e228e9_nohash_1.wav
off/ae927455_nohash_0.wav
off/88f8a99c_nohash_0.wav
off/471a0925_nohash_2.wav
off/f17be97f_nohash_1.wav
off/7c1d8533_nohash_1.wav
off/d197e3ae_nohash_4.wav
off/3bdf05d3_nohash_0.wav
off/6c0f6493_nohash_4.wav
off/8910e5ef_nohash_2.wav
off/794cdfc5_nohash_1.wav
off/22aa3665_nohash_0.wav
off/3b853f44_nohash_0.wav
off/b6ebe225_nohash_0.wav
off/ad63d93c_nohash_3.wav
off/f2dd248e_nohash_0.wav
off/7c1d8533_nohash_3.wav
off/b7a6f709_nohash_1.wav
off/264f471d_nohash_2.wav
off/6c0f6493_nohash_0.wav
off/439c84f4_nohash_2.wav
off/ab1299bb_nohash_0.wav
off/d55aa56c_nohash_0.wav
off/cc6bae0d_nohash_0.wav
off/28ef2a01_nohash_0.wav
off/bdb26021_nohash_1.wav
off/2a89ad5c_nohash_0.wav
off/db9d52d2_nohash_0.wav
off/9db2bfe9_nohash_1.wav
off/794cdfc5_nohash_0.wav
off/dca2797e_nohash_2.wav
off/3e2ba5f7_nohash_2.wav
off/0ab3b47d_nohash_0.wav
off/c6ee87a7_nohash_0.wav
off/f17be97f_nohash_0.wav
off/264f471d_nohash_3.wav
off/e54a0f16_nohash_2.wav
off/5fadb538_nohash_4.wav
off/dd086776_nohash_0.wav
off/b433332a_nohash_0.wav
off/6c0f6493_nohash_2.wav
off/dca2797e_nohash_1.wav
off/936de313_nohash_0.wav
off/db4cf12f_nohash_0.wav
off/bdee441c_nohash_4.wav
off/c24d96eb_nohash_2.wav
off/3bdf05d3_nohash_1.wav
off/471a0925_nohash_0.wav
off/67c7fecb_nohash_0.wav
off/ec21c46b_nohash_1.wav
off/d9462202_nohash_1.wav
off/56eb74ae_nohash_4.wav
off/90804775_nohash_0.wav
off/d55aa56c_nohash_1.wav
off/b7016c27_nohash_1.wav
off/56eb74ae_nohash_0.wav
off/7fd25f7c_nohash_1.wav
off/171b56dc_nohash_0.wav
off/6a27a9bf_nohash_1.wav
off/6d0ad764_nohash_0.wav
off/48bfde8e_nohash_0.wav
off/86402da1_nohash_1.wav
off/099d52ad_nohash_0.wav
off/0e17f595_nohash_0.wav
off/c842b5e4_nohash_0.wav
off/8910e5ef_nohash_0.wav
off/6071a214_nohash_0.wav
off/f5e5e8b0_nohash_1.wav
off/989a2213_nohash_1.wav
off/ad63d93c_nohash_4.wav
off/7fd25f7c_nohash_3.wav
off/7fd25f7c_nohash_4.wav
off/7fd25f7c_nohash_2.wav
off/a6d586b7_nohash_3.wav
off/3bdf05d3_nohash_3.wav
off/c6ee87a7_nohash_1.wav
off/258f4559_nohash_0.wav
off/bdee441c_nohash_0.wav
off/c5e3817f_nohash_0.wav
off/e54a0f16_nohash_3.wav
off/44c201dd_nohash_1.wav
off/6940f7f3_nohash_0.wav
off/6071a214_nohash_1.wav
off/d197e3ae_nohash_1.wav
off/e8e960fd_nohash_0.wav
off/1aed7c6d_nohash_1.wav
off/2296b1af_nohash_1.wav
off/56eb74ae_nohash_1.wav
off/264f471d_nohash_0.wav
off/ec74a8a5_nohash_0.wav
off/dbb40d24_nohash_1.wav
off/d874a786_nohash_0.wav
off/e8c3c5ca_nohash_2.wav
off/6940f7f3_nohash_1.wav
off/9db2bfe9_nohash_0.wav
off/c4cfbe43_nohash_1.wav
off/364c0853_nohash_0.wav
off/5fadb538_nohash_2.wav
off/7c1d8533_nohash_4.wav
off/ad63d93c_nohash_1.wav
off/d9462202_nohash_0.wav
off/d57febf0_nohash_1.wav
off/62641b88_nohash_0.wav
off/19b05529_nohash_1.wav
off/dbb40d24_nohash_2.wav
off/c013fe4d_nohash_0.wav
off/b17f5ba0_nohash_1.wav
off/41285056_nohash_1.wav
off/6b81fead_nohash_0.wav
off/41285056_nohash_0.wav
off/d9462202_nohash_2.wav
off/6f5b4d3d_nohash_0.wav
off/989a2213_nohash_2.wav
off/dbb40d24_nohash_3.wav
off/61bcb275_nohash_0.wav
off/f17be97f_nohash_3.wav
off/a6d586b7_nohash_0.wav
off/264f471d_nohash_4.wav
off/7195ffa6_nohash_0.wav
off/b17f5ba0_nohash_0.wav
off/bdee441c_nohash_5.wav
cat/7fd25f7c_nohash_0.wav
cat/b1426003_nohash_2.wav
cat/826268f8_nohash_0.wav
cat/409c962a_nohash_0.wav
cat/d197e3ae_nohash_0.wav
cat/0ab3b47d_nohash_1.wav
cat/19b05529_nohash_0.wav
cat/dbb40d24_nohash_0.wav
cat/b1426003_nohash_1.wav
cat/22aa3665_nohash_1.wav
cat/aa753bb9_nohash_0.wav
cat/f34e6f44_nohash_1.wav
cat/7117fb6d_nohash_3.wav
cat/ad63d93c_nohash_0.wav
cat/4abefdf5_nohash_1.wav
cat/8b775397_nohash_0.wav
cat/86478fab_nohash_0.wav
cat/826268f8_nohash_2.wav
cat/8a5acefd_nohash_0.wav
cat/16db1582_nohash_0.wav
cat/d107dc42_nohash_0.wav
cat/826268f8_nohash_4.wav
cat/66774579_nohash_0.wav
cat/2643992f_nohash_1.wav
cat/7be5a0f3_nohash_1.wav
cat/c24d96eb_nohash_0.wav
cat/a8cf01bc_nohash_0.wav
cat/b00dff7e_nohash_1.wav
cat/27b9a84f_nohash_1.wav
cat/52e228e9_nohash_0.wav
cat/1bc45db9_nohash_1.wav
cat/f84762e5_nohash_0.wav
cat/7117fb6d_nohash_0.wav
cat/026290a7_nohash_0.wav
cat/c90c0105_nohash_0.wav
cat/e54a0f16_nohash_0.wav
cat/105e72bb_nohash_0.wav
cat/3e2ba5f7_nohash_0.wav
cat/7be5a0f3_nohash_2.wav
cat/66cff190_nohash_0.wav
cat/d57febf0_nohash_0.wav
cat/2a89ad5c_nohash_1.wav
cat/3aa6f4e2_nohash_0.wav
cat/541120c7_nohash_0.wav
cat/d874a786_nohash_1.wav
cat/16db1582_nohash_3.wav
cat/bca56796_nohash_1.wav
cat/f9ebdba0_nohash_0.wav
cat/7117fb6d_nohash_1.wav
cat/97ae8b25_nohash_0.wav
cat/dd086776_nohash_1.wav
cat/962f27eb_nohash_0.wav
cat/97ae8b25_nohash_1.wav
cat/1a9afd33_nohash_0.wav
cat/f5e5e8b0_nohash_0.wav
cat/439c84f4_nohash_0.wav
cat/db43cd03_nohash_0.wav
cat/eee9b9e2_nohash_0.wav
cat/16db1582_nohash_1.wav
cat/1aed7c6d_nohash_0.wav
cat/6b81fead_nohash_1.wav
cat/62641b88_nohash_1.wav
cat/9cde5de8_nohash_0.wav
cat/538e1856_nohash_0.wav
cat/7eee5973_nohash_0.wav
cat/b1426003_nohash_0.wav
cat/fde2dee7_nohash_0.wav
cat/ab7b5acd_nohash_0.wav
cat/5fadb538_nohash_0.wav
cat/8a5acefd_nohash_1.wav
cat/a1dd919f_nohash_0.wav
cat/7c1d8533_nohash_0.wav
cat/29b81b73_nohash_0.wav
cat/dca2797e_nohash_0.wav
cat/e6e29c47_nohash_0.wav
cat/b7016c27_nohash_0.wav
cat/541120c7_nohash_1.wav
cat/d107dc42_nohash_1.wav
cat/a8cf01bc_nohash_1.wav
cat/4abefdf5_nohash_0.wav
cat/3903b558_nohash_0.wav
cat/bc196f81_nohash_0.wav
cat/44c201dd_nohash_0.wav
cat/bca56796_nohash_0.wav
cat/e63b69c5_nohash_0.wav
cat/060cd039_nohash_0.wav
cat/88f8a99c_nohash_0.wav
cat/3903b558_nohash_1.wav
cat/db43cd03_nohash_2.wav
cat/22aa3665_nohash_0.wav
cat/f2dd248e_nohash_1.wav
cat/f2dd248e_nohash_0.wav
cat/6c0f6493_nohash_0.wav
cat/ab1299bb_nohash_0.wav
cat/cc6bae0d_nohash_0.wav
cat/28ef2a01_nohash_0.wav
cat/1657c9fa_nohash_0.wav
cat/d57febf0_nohash_2.wav
cat/b1426003_nohash_3.wav
cat/2a89ad5c_nohash_0.wav
cat/826268f8_nohash_3.wav
cat/db9d52d2_nohash_0.wav
cat/060cd039_nohash_2.wav
cat/22aa3665_nohash_2.wav
cat/2a89ad5c_nohash_2.wav
cat/0ab3b47d_nohash_0.wav
cat/52bfbce8_nohash_2.wav
cat/d9ae8983_nohash_1.wav
cat/c6ee87a7_nohash_0.wav
cat/f17be97f_nohash_0.wav
cat/dd086776_nohash_0.wav
cat/b433332a_nohash_0.wav
cat/f34e6f44_nohash_0.wav
cat/1816b768_nohash_0.wav
cat/52bfbce8_nohash_0.wav
cat/d9ae8983_nohash_0.wav
cat/471a0925_nohash_0.wav
cat/67c7fecb_nohash_0.wav
cat/171b56dc_nohash_1.wav
cat/dc2222d7_nohash_1.wav
cat/90804775_nohash_0.wav
cat/56eb74ae_nohash_0.wav
cat/171b56dc_nohash_0.wav
cat/9190045a_nohash_0.wav
cat/1bc45db9_nohash_0.wav
cat/6d0ad764_nohash_0.wav
cat/db43cd03_nohash_1.wav
cat/099d52ad_nohash_0.wav
cat/826268f8_nohash_1.wav
cat/6071a214_nohash_0.wav
cat/b00dff7e_nohash_0.wav
cat/8523766b_nohash_0.wav
cat/bdee441c_nohash_0.wav
cat/44c201dd_nohash_1.wav
cat/66cff190_nohash_1.wav
cat/2643992f_nohash_0.wav
cat/264f471d_nohash_0.wav
cat/1657c9fa_nohash_1.wav
cat/f34e6f44_nohash_2.wav
cat/c013fe4d_nohash_1.wav
cat/d874a786_nohash_0.wav
cat/9db2bfe9_nohash_0.wav
cat/364c0853_nohash_0.wav
cat/d9ae8983_nohash_2.wav
cat/d57febf0_nohash_1.wav
cat/060cd039_nohash_1.wav
cat/27b9a84f_nohash_0.wav
cat/dc2222d7_nohash_0.wav
cat/62641b88_nohash_0.wav
cat/19b05529_nohash_1.wav
cat/c013fe4d_nohash_0.wav
cat/6b81fead_nohash_0.wav
cat/50f55535_nohash_0.wav
cat/16db1582_nohash_4.wav
cat/d874a786_nohash_2.wav
cat/2d056836_nohash_0.wav
cat/7117fb6d_nohash_2.wav
cat/1816b768_nohash_1.wav
cat/2e0d80f7_nohash_0.wav
cat/61bcb275_nohash_0.wav
cat/16db1582_nohash_2.wav
cat/a6d586b7_nohash_0.wav
cat/9d32f10a_nohash_0.wav
cat/7be5a0f3_nohash_0.wav
cat/52bfbce8_nohash_1.wav
cat/7195ffa6_nohash_0.wav
cat/8335f893_nohash_0.wav
cat/67c7fecb_nohash_1.wav
sheila/ae927455_nohash_1.wav
sheila/7fd25f7c_nohash_0.wav
sheila/409c962a_nohash_0.wav
sheila/6f5b4d3d_nohash_1.wav
sheila/d197e3ae_nohash_0.wav
sheila/19b05529_nohash_0.wav
sheila/dbb40d24_nohash_0.wav
sheila/23ad12d8_nohash_0.wav
sheila/aa753bb9_nohash_0.wav
sheila/53d5b86f_nohash_0.wav
sheila/f34e6f44_nohash_1.wav
sheila/605ed0ff_nohash_0.wav
sheila/ad63d93c_nohash_0.wav
sheila/8b775397_nohash_0.wav
sheila/16db1582_nohash_0.wav
sheila/10f2bb12_nohash_0.wav
sheila/d107dc42_nohash_0.wav
sheila/538e1856_nohash_2.wav
sheila/c24d96eb_nohash_0.wav
sheila/b7a6f709_nohash_0.wav
sheila/b00dff7e_nohash_1.wav
sheila/52e228e9_nohash_0.wav
sheila/f84762e5_nohash_0.wav
sheila/7117fb6d_nohash_0.wav
sheila/026290a7_nohash_0.wav
sheila/bfbd0e6b_nohash_0.wav
sheila/c90c0105_nohash_0.wav
sheila/9190045a_nohash_1.wav
sheila/e54a0f16_nohash_0.wav
sheila/750e3e75_nohash_0.wav
sheila/10f2bb12_nohash_1.wav
sheila/b1edd209_nohash_0.wav
sheila/66cff190_nohash_0.wav
sheila/d57febf0_nohash_0.wav
sheila/b6ebe225_nohash_1.wav
sheila/3aa6f4e2_nohash_0.wav
sheila/3ca784ec_nohash_1.wav
sheila/86402da1_nohash_0.wav
sheila/c90c0105_nohash_1.wav
sheila/c4cfbe43_nohash_0.wav
sheila/c099668c_nohash_0.wav
sheila/f84762e5_nohash_1.wav
sheila/f9ebdba0_nohash_0.wav
sheila/7117fb6d_nohash_1.wav
sheila/962f27eb_nohash_0.wav
sheila/1a9afd33_nohash_0.wav
sheila/439c84f4_nohash_0.wav
sheila/ccea893d_nohash_0.wav
sheila/90804775_nohash_2.wav
sheila/b487da60_nohash_0.wav
sheila/ccea893d_nohash_1.wav
sheila/db43cd03_nohash_0.wav
sheila/eee9b9e2_nohash_0.wav
sheila/dbaf8fc6_nohash_1.wav
sheila/7ca023e2_nohash_0.wav
sheila/2296b1af_nohash_0.wav
sheila/c4e1f6e0_nohash_0.wav
sheila/e6db3894_nohash_0.wav
sheila/1aed7c6d_nohash_0.wav
sheila/6b81fead_nohash_1.wav
sheila/2296b1af_nohash_2.wav
sheila/88f8a99c_nohash_1.wav
sheila/fc94edb0_nohash_1.wav
sheila/b487da60_nohash_1.wav
sheila/538e1856_nohash_0.wav
sheila/7eee5973_nohash_0.wav
sheila/a1dd919f_nohash_1.wav
sheila/3aa6f4e2_nohash_1.wav
sheila/b1426003_nohash_0.wav
sheila/fde2dee7_nohash_0.wav
sheila/ab00c4b2_nohash_0.wav
sheila/ab7b5acd_nohash_0.wav
sheila/5fadb538_nohash_0.wav
sheila/f3cee168_nohash_0.wav
sheila/a1dd919f_nohash_0.wav
sheila/258f4559_nohash_1.wav
sheila/7c1d8533_nohash_0.wav
sheila/29b81b73_nohash_0.wav
sheila/65ec06e5_nohash_0.wav
sheila/dca2797e_nohash_0.wav
sheila/bdb26021_nohash_0.wav
sheila/e14a99a5_nohash_0.wav
sheila/29b81b73_nohash_1.wav
sheila/ec74a8a5_nohash_1.wav
sheila/538e1856_nohash_1.wav
sheila/b433332a_nohash_1.wav
sheila/b7016c27_nohash_0.wav
sheila/d107dc42_nohash_1.wav
sheila/026290a7_nohash_1.wav
sheila/c2d15ea5_nohash_0.wav
sheila/b41a92a3_nohash_0.wav
sheila/1a9afd33_nohash_1.wav
sheila/4abefdf5_nohash_0.wav
sheila/3903b558_nohash_0.wav
sheila/d55aa56c_nohash_2.wav
sheila/bc196f81_nohash_0.wav
sheila/b0c0197e_nohash_0.wav
sheila/6a27a9bf_nohash_0.wav
sheila/57cb3575_nohash_0.wav
sheila/44c201dd_nohash_0.wav
sheila/e63b69c5_nohash_0.wav
sheila/ae927455_nohash_0.wav
sheila/88f8a99c_nohash_0.wav
sheila/f2dd248e_nohash_1.wav
sheila/b6ebe225_nohash_0.wav
sheila/f2dd248e_nohash_0.wav
sheila/29b81b73_nohash_2.wav
sheila/10f2bb12_nohash_2.wav
sheila/6c0f6493_nohash_0.wav
sheila/d55aa56c_nohash_0.wav
sheila/cc6bae0d_nohash_0.wav
sheila/1657c9fa_nohash_0.wav
sheila/f2dd248e_nohash_2.wav
sheila/90804775_nohash_1.wav
sheila/794cdfc5_nohash_0.wav
sheila/fde2dee7_nohash_1.wav
sheila/ab00c4b2_nohash_1.wav
sheila/c6ee87a7_nohash_0.wav
sheila/f17be97f_nohash_0.wav
sheila/65ec06e5_nohash_1.wav
sheila/eee9b9e2_nohash_1.wav
sheila/b433332a_nohash_0.wav
sheila/f34e6f44_nohash_0.wav
sheila/1816b768_nohash_0.wav
sheila/52bfbce8_nohash_0.wav
sheila/d9ae8983_nohash_0.wav
sheila/c099668c_nohash_1.wav
sheila/471a0925_nohash_0.wav
sheila/67c7fecb_nohash_0.wav
sheila/ae927455_nohash_2.wav
sheila/90804775_nohash_0.wav
sheila/d55aa56c_nohash_1.wav
sheila/56eb74ae_nohash_0.wav
sheila/7ca023e2_nohash_1.wav
sheila/9190045a_nohash_0.wav
sheila/1942abd7_nohash_1.wav
sheila/ab7b5acd_nohash_1.wav
sheila/a9f38bae_nohash_0.wav
sheila/099d52ad_nohash_0.wav
sheila/0e17f595_nohash_0.wav
sheila/c842b5e4_nohash_0.wav
sheila/a7dd45cf_nohash_0.wav
sheila/3ca784ec_nohash_0.wav
sheila/b00dff7e_nohash_0.wav
sheila/258f4559_nohash_0.wav
sheila/bdee441c_nohash_0.wav
sheila/c5e3817f_nohash_0.wav
sheila/962f27eb_nohash_1.wav
sheila/6940f7f3_nohash_0.wav
sheila/66cff190_nohash_1.wav
sheila/fc94edb0_nohash_0.wav
sheila/2296b1af_nohash_1.wav
sheila/f2dd248e_nohash_3.wav
sheila/f2dd248e_nohash_4.wav
sheila/264f471d_nohash_0.wav
sheila/ec74a8a5_nohash_0.wav
sheila/c013fe4d_nohash_1.wav
sheila/d874a786_nohash_0.wav
sheila/9db2bfe9_nohash_0.wav
sheila/dbaf8fc6_nohash_0.wav
sheila/d9462202_nohash_0.wav
sheila/dc2222d7_nohash_0.wav
sheila/62641b88_nohash_0.wav
sheila/c013fe4d_nohash_0.wav
sheila/b17f5ba0_nohash_1.wav
sheila/6b81fead_nohash_0.wav
sheila/41285056_nohash_0.wav
sheila/6f5b4d3d_nohash_0.wav
sheila/61bcb275_nohash_0.wav
sheila/a6d586b7_nohash_0.wav
sheila/a7dd45cf_nohash_1.wav
sheila/52bfbce8_nohash_1.wav
sheila/8335f893_nohash_0.wav
sheila/b17f5ba0_nohash_0.wav
sheila/67c7fecb_nohash_1.wav
sheila/1942abd7_nohash_0.wav
down/7fd25f7c_nohash_0.wav
down/826268f8_nohash_0.wav
down/cab100c9_nohash_0.wav
down/bdee441c_nohash_3.wav
down/d197e3ae_nohash_0.wav
down/0ab3b47d_nohash_1.wav
down/96c67073_nohash_0.wav
down/dbb40d24_nohash_0.wav
down/8843b25f_nohash_0.wav
down/b1426003_nohash_1.wav
down/23ad12d8_nohash_0.wav
down/d197e3ae_nohash_3.wav
down/aa753bb9_nohash_0.wav
down/53d5b86f_nohash_0.wav
down/605ed0ff_nohash_0.wav
down/105e72bb_nohash_1.wav
down/ad63d93c_nohash_0.wav
down/439c84f4_nohash_4.wav
down/86478fab_nohash_0.wav
down/8a5acefd_nohash_0.wav
down/c6ee87a7_nohash_3.wav
down/16db1582_nohash_0.wav
down/f17be97f_nohash_4.wav
down/d107dc42_nohash_0.wav
down/c50225fa_nohash_0.wav
down/c256377f_nohash_0.wav
down/66774579_nohash_0.wav
down/da7689f1_nohash_0.wav
down/c24d96eb_nohash_0.wav
down/b0f24c9b_nohash_0.wav
down/b7a6f709_nohash_0.wav
down/099d52ad_nohash_1.wav
down/a8cf01bc_nohash_0.wav
down/27b9a84f_nohash_1.wav
down/52e228e9_nohash_0.wav
down/dbb40d24_nohash_4.wav
down/56eb74ae_nohash_2.wav
down/ab7b5acd_nohash_2.wav
down/bfbd0e6b_nohash_0.wav
down/c90c0105_nohash_0.wav
down/e63b69c5_nohash_1.wav
down/e54a0f16_nohash_0.wav
down/105e72bb_nohash_0.wav
down/750e3e75_nohash_0.wav
down/364c0853_nohash_1.wav
down/48bfde8e_nohash_4.wav
down/3e2ba5f7_nohash_0.wav
down/7195ffa6_nohash_1.wav
down/5fadb538_nohash_1.wav
down/d57febf0_nohash_0.wav
down/b6ebe225_nohash_1.wav
down/099d52ad_nohash_2.wav
down/3aa6f4e2_nohash_0.wav
down/541120c7_nohash_0.wav
down/d197e3ae_nohash_2.wav
down/ad63d93c_nohash_2.wav
down/e54a0f16_nohash_1.wav
down/86402da1_nohash_0.wav
down/439c84f4_nohash_1.wav
down/fd32732a_nohash_1.wav
down/c4cfbe43_nohash_0.wav
down/c099668c_nohash_0.wav
down/8335f893_nohash_1.wav
down/264f471d_nohash_1.wav
down/54d9ccb5_nohash_1.wav
down/439c84f4_nohash_3.wav
down/099d52ad_nohash_4.wav
down/ab7b5acd_nohash_3.wav
down/c6ee87a7_nohash_2.wav
down/6d818f6c_nohash_0.wav
down/962f27eb_nohash_0.wav
down/1a9afd33_nohash_0.wav
down/f5e5e8b0_nohash_0.wav
down/a9f38bae_nohash_2.wav
down/a6d586b7_nohash_1.wav
down/dca2797e_nohash_4.wav
down/439c84f4_nohash_0.wav
down/ccea893d_nohash_0.wav
down/471a0925_nohash_1.wav
down/471a0925_nohash_4.wav
down/471a0925_nohash_3.wav
down/b487da60_nohash_0.wav
down/48bfde8e_nohash_3.wav
down/a6d586b7_nohash_2.wav
down/c6ee87a7_nohash_4.wav
down/ccea893d_nohash_1.wav
down/56eb74ae_nohash_3.wav
down/db43cd03_nohash_0.wav
down/bdee441c_nohash_2.wav
down/2296b1af_nohash_0.wav
down/c4e1f6e0_nohash_0.wav
down/e6db3894_nohash_0.wav
down/6b81fead_nohash_1.wav
down/9cde5de8_nohash_0.wav
down/86402da1_nohash_2.wav
down/538e1856_nohash_0.wav
down/7eee5973_nohash_0.wav
down/099d52ad_nohash_3.wav
down/3e2ba5f7_nohash_1.wav
down/3aa6f4e2_nohash_1.wav
down/b1426003_nohash_0.wav
down/fde2dee7_nohash_0.wav
down/66774579_nohash_1.wav
down/ab7b5acd_nohash_0.wav
down/5fadb538_nohash_0.wav
down/c6389ab0_nohash_0.wav
down/a6d586b7_nohash_4.wav
down/23ad12d8_nohash_1.wav
down/6c0f6493_nohash_1.wav
down/f3cee168_nohash_0.wav
down/5fadb538_nohash_3.wav
down/23ad12d8_nohash_2.wav
down/8a5acefd_nohash_1.wav
down/6c0f6493_nohash_3.wav
down/a1dd919f_nohash_0.wav
down/dca2797e_nohash_3.wav
down/258f4559_nohash_1.wav
down/7c1d8533_nohash_0.wav
down/bdee441c_nohash_1.wav
down/7c1d8533_nohash_2.wav
down/dca2797e_nohash_0.wav
down/bdb26021_nohash_0.wav
down/e14a99a5_nohash_0.wav
down/48bfde8e_nohash_1.wav
down/f3cee168_nohash_1.wav
down/e54a0f16_nohash_4.wav
down/e6e29c47_nohash_0.wav
down/ec74a8a5_nohash_1.wav
down/b7016c27_nohash_0.wav
down/541120c7_nohash_1.wav
down/c2d15ea5_nohash_0.wav
down/b41a92a3_nohash_0.wav
down/ec21c46b_nohash_0.wav
down/3903b558_nohash_0.wav
down/bc196f81_nohash_0.wav
down/b0c0197e_nohash_0.wav
down/f17be97f_nohash_2.wav
down/44c201dd_nohash_0.wav
down/bca56796_nohash_0.wav
down/e63b69c5_nohash_0.wav
down/52e228e9_nohash_1.wav
down/88f8a99c_nohash_0.wav
down/471a0925_nohash_2.wav
down/f17be97f_nohash_1.wav
down/e6db3894_nohash_1.wav
down/fd32732a_nohash_0.wav
down/7c1d8533_nohash_1.wav
down/257e17e0_nohash_0.wav
down/d197e3ae_nohash_4.wav
down/3bdf05d3_nohash_0.wav
down/6c0f6493_nohash_4.wav
down/794cdfc5_nohash_1.wav
down/b6ebe225_nohash_0.wav
down/ad63d93c_nohash_3.wav
down/f2dd248e_nohash_0.wav
down/7c1d8533_nohash_3.wav
down/750e3e75_nohash_1.wav
down/264f471d_nohash_2.wav
down/6c0f6493_nohash_0.wav
down/439c84f4_nohash_2.wav
down/d55aa56c_nohash_0.wav
down/cc6bae0d_nohash_0.wav
down/28ef2a01_nohash_0.wav
down/1657c9fa_nohash_0.wav
down/48bfde8e_nohash_2.wav
down/db9d52d2_nohash_0.wav
down/9db2bfe9_nohash_1.wav
down/794cdfc5_nohash_0.wav
down/dca2797e_nohash_2.wav
down/fde2dee7_nohash_1.wav
down/3e2ba5f7_nohash_2.wav
down/0ab3b47d_nohash_0.wav
down/a9f38bae_nohash_1.wav
down/c6ee87a7_nohash_0.wav
down/f17be97f_nohash_0.wav
down/264f471d_nohash_3.wav
down/e54a0f16_nohash_2.wav
down/5fadb538_nohash_4.wav
down/f34e6f44_nohash_0.wav
down/1816b768_nohash_0.wav
down/6c0f6493_nohash_2.wav
down/dca2797e_nohash_1.wav
down/db4cf12f_nohash_0.wav
down/bdee441c_nohash_4.wav
down/c099668c_nohash_1.wav
down/471a0925_nohash_0.wav
down/67c7fecb_nohash_0.wav
down/171b56dc_nohash_1.wav
down/56eb74ae_nohash_4.wav
down/dc2222d7_nohash_1.wav
down/c4e1f6e0_nohash_1.wav
down/56eb74ae_nohash_0.wav
down/7fd25f7c_nohash_1.wav
down/171b56dc_nohash_0.wav
down/9190045a_nohash_0.wav
down/ab7b5acd_nohash_1.wav
down/1bc45db9_nohash_0.wav
down/a9f38bae_nohash_0.wav
down/6d0ad764_nohash_0.wav
down/48bfde8e_nohash_0.wav
down/86402da1_nohash_1.wav
down/099d52ad_nohash_0.wav
down/0e17f595_nohash_0.wav
down/826268f8_nohash_1.wav
down/c842b5e4_nohash_0.wav
down/8910e5ef_nohash_0.wav
down/6071a214_nohash_0.wav
down/bc196f81_nohash_1.wav
down/f5e5e8b0_nohash_1.wav
down/a7dd45cf_nohash_0.wav
down/3ca784ec_nohash_0.wav
down/ad63d93c_nohash_4.wav
down/7fd25f7c_nohash_3.wav
down/7fd25f7c_nohash_4.wav
down/28ef2a01_nohash_1.wav
down/7fd25f7c_nohash_2.wav
down/a6d586b7_nohash_3.wav
down/b00dff7e_nohash_0.wav
down/c6ee87a7_nohash_1.wav
down/8523766b_nohash_0.wav
down/258f4559_nohash_0.wav
down/bdee441c_nohash_0.wav
down/e54a0f16_nohash_3.wav
down/6940f7f3_nohash_0.wav
down/d197e3ae_nohash_1.wav
down/fc94edb0_nohash_0.wav
down/2296b1af_nohash_1.wav
down/56eb74ae_nohash_1.wav
down/264f471d_nohash_0.wav
down/ec74a8a5_nohash_0.wav
down/dbb40d24_nohash_1.wav
down/cc6bae0d_nohash_1.wav
down/9db2bfe9_nohash_0.wav
down/44bc77f7_nohash_0.wav
down/364c0853_nohash_0.wav
down/5fadb538_nohash_2.wav
down/7c1d8533_nohash_4.wav
down/c2d15ea5_nohash_1.wav
down/dbaf8fc6_nohash_0.wav
down/ad63d93c_nohash_1.wav
down/27b9a84f_nohash_0.wav
down/dc2222d7_nohash_0.wav
down/62641b88_nohash_0.wav
down/9db2bfe9_nohash_2.wav
down/dbb40d24_nohash_2.wav
down/541120c7_nohash_2.wav
down/6b81fead_nohash_0.wav
down/50f55535_nohash_0.wav
down/1816b768_nohash_1.wav
down/2e0d80f7_nohash_0.wav
down/dbb40d24_nohash_3.wav
down/f17be97f_nohash_3.wav
down/7195ffa6_nohash_2.wav
down/50ed8a7b_nohash_0.wav
down/a6d586b7_nohash_0.wav
down/54d9ccb5_nohash_0.wav
down/264f471d_nohash_4.wav
down/9d32f10a_nohash_0.wav
down/7195ffa6_nohash_0.wav
down/8335f893_nohash_0.wav
down/b17f5ba0_nohash_0.wav
down/67c7fecb_nohash_1.wav
down/638685f2_nohash_0.wav
down/1942abd7_nohash_0.wav
seven/7fd25f7c_nohash_0.wav
seven/cab100c9_nohash_0.wav
seven/b41a92a3_nohash_2.wav
seven/409c962a_nohash_0.wav
seven/bdee441c_nohash_3.wav
seven/d197e3ae_nohash_0.wav
seven/61bcb275_nohash_1.wav
seven/96c67073_nohash_0.wav
seven/19b05529_nohash_0.wav
seven/dbb40d24_nohash_0.wav
seven/8843b25f_nohash_0.wav
seven/b1426003_nohash_1.wav
seven/23ad12d8_nohash_0.wav
seven/b7016c27_nohash_3.wav
seven/d197e3ae_nohash_3.wav
seven/aa753bb9_nohash_0.wav
seven/53d5b86f_nohash_0.wav
seven/da7689f1_nohash_1.wav
seven/e8c3c5ca_nohash_0.wav
seven/ad63d93c_nohash_0.wav
seven/439c84f4_nohash_4.wav
seven/8b775397_nohash_0.wav
seven/86478fab_nohash_0.wav
seven/8a5acefd_nohash_0.wav
seven/c6ee87a7_nohash_3.wav
seven/16db1582_nohash_0.wav
seven/f17be97f_nohash_4.wav
seven/10f2bb12_nohash_0.wav
seven/d107dc42_nohash_0.wav
seven/c256377f_nohash_0.wav
seven/66774579_nohash_0.wav
seven/2643992f_nohash_1.wav
seven/da7689f1_nohash_0.wav
seven/3903b558_nohash_2.wav
seven/b0f24c9b_nohash_0.wav
seven/b7a6f709_nohash_0.wav
seven/099d52ad_nohash_1.wav
seven/52e228e9_nohash_0.wav
seven/dbb40d24_nohash_4.wav
seven/56eb74ae_nohash_2.wav
seven/7117fb6d_nohash_0.wav
seven/026290a7_nohash_0.wav
seven/bfbd0e6b_nohash_0.wav
seven/edc53350_nohash_0.wav
seven/e54a0f16_nohash_0.wav
seven/6d0ad764_nohash_1.wav
seven/3e2ba5f7_nohash_0.wav
seven/7195ffa6_nohash_1.wav
seven/5fadb538_nohash_1.wav
seven/66cff190_nohash_0.wav
seven/d57febf0_nohash_0.wav
seven/9db2bfe9_nohash_4.wav
seven/099d52ad_nohash_2.wav
seven/d197e3ae_nohash_2.wav
seven/ad63d93c_nohash_2.wav
seven/e54a0f16_nohash_1.wav
seven/44c201dd_nohash_2.wav
seven/439c84f4_nohash_1.wav
seven/fd32732a_nohash_1.wav
seven/d874a786_nohash_1.wav
seven/c099668c_nohash_0.wav
seven/8335f893_nohash_1.wav
seven/264f471d_nohash_1.wav
seven/7117fb6d_nohash_1.wav
seven/54d9ccb5_nohash_1.wav
seven/439c84f4_nohash_3.wav
seven/099d52ad_nohash_4.wav
seven/c6ee87a7_nohash_2.wav
seven/6d818f6c_nohash_0.wav
seven/1a9afd33_nohash_0.wav
seven/f5e5e8b0_nohash_0.wav
seven/a6d586b7_nohash_1.wav
seven/dca2797e_nohash_4.wav
seven/439c84f4_nohash_0.wav
seven/ccea893d_nohash_0.wav
seven/9db2bfe9_nohash_3.wav
seven/471a0925_nohash_1.wav
seven/471a0925_nohash_4.wav
seven/471a0925_nohash_3.wav
seven/b487da60_nohash_0.wav
seven/a6d586b7_nohash_2.wav
seven/c6ee87a7_nohash_4.wav
seven/56eb74ae_nohash_3.wav
seven/db43cd03_nohash_0.wav
seven/86478fab_nohash_1.wav
seven/bdee441c_nohash_2.wav
seven/eee9b9e2_nohash_0.wav
seven/dbaf8fc6_nohash_1.wav
seven/2296b1af_nohash_0.wav
seven/e8c3c5ca_nohash_1.wav
seven/c4e1f6e0_nohash_0.wav
seven/e6db3894_nohash_0.wav
seven/88f8a99c_nohash_1.wav
seven/9cde5de8_nohash_0.wav
seven/538e1856_nohash_0.wav
seven/099d52ad_nohash_3.wav
seven/a1dd919f_nohash_1.wav
seven/e8e960fd_nohash_1.wav
seven/b1426003_nohash_0.wav
seven/ab00c4b2_nohash_0.wav
seven/ab7b5acd_nohash_0.wav
seven/5fadb538_nohash_0.wav
seven/c6389ab0_nohash_0.wav
seven/a6d586b7_nohash_4.wav
seven/23ad12d8_nohash_1.wav
seven/6c0f6493_nohash_1.wav
seven/5fadb538_nohash_3.wav
seven/6c0f6493_nohash_3.wav
seven/a1dd919f_nohash_0.wav
seven/dca2797e_nohash_3.wav
seven/f5e5e8b0_nohash_2.wav
seven/7c1d8533_nohash_0.wav
seven/29b81b73_nohash_0.wav
seven/65ec06e5_nohash_0.wav
seven/bdee441c_nohash_1.wav
seven/7c1d8533_nohash_2.wav
seven/dca2797e_nohash_0.wav
seven/bdb26021_nohash_0.wav
seven/e14a99a5_nohash_0.wav
seven/29b81b73_nohash_1.wav
seven/e54a0f16_nohash_4.wav
seven/e6e29c47_nohash_0.wav
seven/538e1856_nohash_1.wav
seven/b41a92a3_nohash_1.wav
seven/b433332a_nohash_1.wav
seven/b7016c27_nohash_0.wav
seven/026290a7_nohash_1.wav
seven/c2d15ea5_nohash_0.wav
seven/b41a92a3_nohash_0.wav
seven/3903b558_nohash_0.wav
seven/bc196f81_nohash_0.wav
seven/b0c0197e_nohash_0.wav
seven/0e17f595_nohash_1.wav
seven/f17be97f_nohash_2.wav
seven/6a27a9bf_nohash_0.wav
seven/57cb3575_nohash_0.wav
seven/44c201dd_nohash_0.wav
seven/bca56796_nohash_0.wav
seven/aa753bb9_nohash_1.wav
seven/88f8a99c_nohash_0.wav
seven/3903b558_nohash_1.wav
seven/471a0925_nohash_2.wav
seven/50f55535_nohash_1.wav
seven/f17be97f_nohash_1.wav
seven/fd32732a_nohash_0.wav
seven/7c1d8533_nohash_1.wav
seven/d197e3ae_nohash_4.wav
seven/3bdf05d3_nohash_0.wav
seven/6c0f6493_nohash_4.wav
seven/794cdfc5_nohash_1.wav
seven/ad63d93c_nohash_3.wav
seven/7c1d8533_nohash_3.wav
seven/264f471d_nohash_2.wav
seven/6c0f6493_nohash_0.wav
seven/439c84f4_nohash_2.wav
seven/ab1299bb_nohash_0.wav
seven/d55aa56c_nohash_0.wav
seven/cc6bae0d_nohash_0.wav
seven/28ef2a01_nohash_0.wav
seven/bdb26021_nohash_1.wav
seven/1657c9fa_nohash_0.wav
seven/d57febf0_nohash_2.wav
seven/db9d52d2_nohash_0.wav
seven/9db2bfe9_nohash_1.wav
seven/90804775_nohash_1.wav
seven/b7016c27_nohash_2.wav
seven/794cdfc5_nohash_0.wav
seven/dca2797e_nohash_2.wav
seven/0ab3b47d_nohash_0.wav
seven/ab00c4b2_nohash_1.wav
seven/c6ee87a7_nohash_0.wav
seven/f17be97f_nohash_0.wav
seven/264f471d_nohash_3.wav
seven/e54a0f16_nohash_2.wav
seven/5fadb538_nohash_4.wav
seven/b433332a_nohash_0.wav
seven/1816b768_nohash_0.wav
seven/6c0f6493_nohash_2.wav
seven/dca2797e_nohash_1.wav
seven/bdee441c_nohash_4.wav
seven/3bdf05d3_nohash_1.wav
seven/471a0925_nohash_0.wav
seven/67c7fecb_nohash_0.wav
seven/56eb74ae_nohash_4.wav
seven/dc2222d7_nohash_1.wav
seven/90804775_nohash_0.wav
seven/b7016c27_nohash_1.wav
seven/56eb74ae_nohash_0.wav
seven/7fd25f7c_nohash_1.wav
seven/ab7b5acd_nohash_1.wav
seven/a9f38bae_nohash_0.wav
seven/6d0ad764_nohash_0.wav
seven/099d52ad_nohash_0.wav
seven/0e17f595_nohash_0.wav
seven/c842b5e4_nohash_0.wav
seven/8910e5ef_nohash_0.wav
seven/6071a214_nohash_0.wav
seven/f5e5e8b0_nohash_1.wav
seven/a7dd45cf_nohash_0.wav
seven/ad63d93c_nohash_4.wav
seven/44bc77f7_nohash_1.wav
seven/7fd25f7c_nohash_3.wav
seven/7fd25f7c_nohash_4.wav
seven/7fd25f7c_nohash_2.wav
seven/a6d586b7_nohash_3.wav
seven/b00dff7e_nohash_0.wav
seven/c6ee87a7_nohash_1.wav
seven/6940f7f3_nohash_2.wav
seven/bdee441c_nohash_0.wav
seven/e54a0f16_nohash_3.wav
seven/44c201dd_nohash_1.wav
seven/6940f7f3_nohash_0.wav
seven/6071a214_nohash_1.wav
seven/d197e3ae_nohash_1.wav
seven/66cff190_nohash_1.wav
seven/fc94edb0_nohash_0.wav
seven/e8e960fd_nohash_0.wav
seven/2643992f_nohash_0.wav
seven/56eb74ae_nohash_1.wav
seven/264f471d_nohash_0.wav
seven/ec74a8a5_nohash_0.wav
seven/dbb40d24_nohash_1.wav
seven/d874a786_nohash_0.wav
seven/6940f7f3_nohash_1.wav
seven/cab100c9_nohash_1.wav
seven/9db2bfe9_nohash_0.wav
seven/44bc77f7_nohash_0.wav
seven/364c0853_nohash_0.wav
seven/5fadb538_nohash_2.wav
seven/7c1d8533_nohash_4.wav
seven/dbaf8fc6_nohash_0.wav
seven/ad63d93c_nohash_1.wav
seven/d9462202_nohash_0.wav
seven/d57febf0_nohash_1.wav
seven/27b9a84f_nohash_0.wav
seven/dc2222d7_nohash_0.wav
seven/62641b88_nohash_0.wav
seven/9db2bfe9_nohash_2.wav
seven/19b05529_nohash_1.wav
seven/dbb40d24_nohash_2.wav
seven/b17f5ba0_nohash_1.wav
seven/6b81fead_nohash_0.wav
seven/50f55535_nohash_0.wav
seven/41285056_nohash_0.wav
seven/fa7895de_nohash_0.wav
seven/d874a786_nohash_2.wav
seven/7117fb6d_nohash_2.wav
seven/1816b768_nohash_1.wav
seven/2e0d80f7_nohash_0.wav
seven/dbb40d24_nohash_3.wav
seven/44c201dd_nohash_3.wav
seven/61bcb275_nohash_0.wav
seven/f17be97f_nohash_3.wav
seven/7195ffa6_nohash_2.wav
seven/50ed8a7b_nohash_0.wav
seven/a6d586b7_nohash_0.wav
seven/54d9ccb5_nohash_0.wav
seven/264f471d_nohash_4.wav
seven/7be5a0f3_nohash_0.wav
seven/7195ffa6_nohash_0.wav
seven/8335f893_nohash_0.wav
seven/b17f5ba0_nohash_0.wav
seven/1942abd7_nohash_0.wav
six/ae927455_nohash_1.wav
six/7fd25f7c_nohash_0.wav
six/826268f8_nohash_0.wav
six/cab100c9_nohash_0.wav
six/409c962a_nohash_0.wav
six/c50225fa_nohash_1.wav
six/bdee441c_nohash_3.wav
six/d197e3ae_nohash_0.wav
six/96c67073_nohash_0.wav
six/dbb40d24_nohash_0.wav
six/22aa3665_nohash_1.wav
six/d197e3ae_nohash_3.wav
six/53d5b86f_nohash_0.wav
six/e8c3c5ca_nohash_0.wav
six/605ed0ff_nohash_0.wav
six/105e72bb_nohash_1.wav
six/ad63d93c_nohash_0.wav
six/439c84f4_nohash_4.wav
six/4abefdf5_nohash_1.wav
six/8b775397_nohash_0.wav
six/86478fab_nohash_0.wav
six/8a5acefd_nohash_0.wav
six/c6ee87a7_nohash_3.wav
six/16db1582_nohash_0.wav
six/f17be97f_nohash_4.wav
six/10f2bb12_nohash_0.wav
six/c50225fa_nohash_0.wav
six/c256377f_nohash_0.wav
six/b5d1e505_nohash_0.wav
six/e95c70e2_nohash_0.wav
six/66774579_nohash_0.wav
six/da7689f1_nohash_0.wav
six/b0f24c9b_nohash_0.wav
six/b7a6f709_nohash_0.wav
six/099d52ad_nohash_1.wav
six/a8cf01bc_nohash_0.wav
six/b00dff7e_nohash_1.wav
six/27b9a84f_nohash_1.wav
six/52e228e9_nohash_0.wav
six/dbb40d24_nohash_4.wav
six/56eb74ae_nohash_2.wav
six/53d5b86f_nohash_1.wav
six/1bc45db9_nohash_1.wav
six/ec21c46b_nohash_2.wav
six/f84762e5_nohash_0.wav
six/026290a7_nohash_0.wav
six/bfbd0e6b_nohash_0.wav
six/edc53350_nohash_0.wav
six/e63b69c5_nohash_1.wav
six/e54a0f16_nohash_0.wav
six/105e72bb_nohash_0.wav
six/3e2ba5f7_nohash_0.wav
six/86478fab_nohash_2.wav
six/5fadb538_nohash_1.wav
six/d57febf0_nohash_0.wav
six/9db2bfe9_nohash_4.wav
six/099d52ad_nohash_2.wav
six/3aa6f4e2_nohash_0.wav
six/541120c7_nohash_0.wav
six/d197e3ae_nohash_2.wav
six/ad63d93c_nohash_2.wav
six/e54a0f16_nohash_1.wav
six/439c84f4_nohash_1.wav
six/8335f893_nohash_1.wav
six/f84762e5_nohash_1.wav
six/f9ebdba0_nohash_0.wav
six/264f471d_nohash_1.wav
six/97ae8b25_nohash_0.wav
six/54d9ccb5_nohash_1.wav
six/439c84f4_nohash_3.wav
six/099d52ad_nohash_4.wav
six/c6ee87a7_nohash_2.wav
six/6d818f6c_nohash_0.wav
six/962f27eb_nohash_0.wav
six/f5e5e8b0_nohash_0.wav
six/a6d586b7_nohash_1.wav
six/dca2797e_nohash_4.wav
six/439c84f4_nohash_0.wav
six/ccea893d_nohash_0.wav
six/53d5b86f_nohash_2.wav
six/9db2bfe9_nohash_3.wav
six/471a0925_nohash_1.wav
six/2e0d80f7_nohash_1.wav
six/471a0925_nohash_4.wav
six/471a0925_nohash_3.wav
six/a6d586b7_nohash_2.wav
six/c6ee87a7_nohash_4.wav
six/56eb74ae_nohash_3.wav
six/db43cd03_nohash_0.wav
six/86478fab_nohash_1.wav
six/bdee441c_nohash_2.wav
six/2296b1af_nohash_0.wav
six/989a2213_nohash_0.wav
six/e8c3c5ca_nohash_1.wav
six/c4e1f6e0_nohash_0.wav
six/db4cf12f_nohash_1.wav
six/9cde5de8_nohash_0.wav
six/fc94edb0_nohash_1.wav
six/538e1856_nohash_0.wav
six/7eee5973_nohash_0.wav
six/099d52ad_nohash_3.wav
six/3e2ba5f7_nohash_1.wav
six/b1426003_nohash_0.wav
six/66774579_nohash_1.wav
six/ab7b5acd_nohash_0.wav
six/5fadb538_nohash_0.wav
six/a6d586b7_nohash_4.wav
six/6c0f6493_nohash_1.wav
six/f3cee168_nohash_0.wav
six/5fadb538_nohash_3.wav
six/6c0f6493_nohash_3.wav
six/a1dd919f_nohash_0.wav
six/dca2797e_nohash_3.wav
six/7c1d8533_nohash_0.wav
six/29b81b73_nohash_0.wav
six/65ec06e5_nohash_0.wav
six/bdee441c_nohash_1.wav
six/7c1d8533_nohash_2.wav
six/dca2797e_nohash_0.wav
six/e14a99a5_nohash_0.wav
six/29b81b73_nohash_1.wav
six/f3cee168_nohash_1.wav
six/e54a0f16_nohash_4.wav
six/e6e29c47_nohash_0.wav
six/538e1856_nohash_1.wav
six/c2d15ea5_nohash_0.wav
six/b41a92a3_nohash_0.wav
six/a8cf01bc_nohash_1.wav
six/4abefdf5_nohash_0.wav
six/ec21c46b_nohash_0.wav
six/3903b558_nohash_0.wav
six/bc196f81_nohash_0.wav
six/7eee5973_nohash_1.wav
six/2ce7534c_nohash_0.wav
six/b0c0197e_nohash_0.wav
six/f17be97f_nohash_2.wav
six/6a27a9bf_nohash_0.wav
six/44c201dd_nohash_0.wav
six/bca56796_nohash_0.wav
six/e63b69c5_nohash_0.wav
six/060cd039_nohash_0.wav
six/ae927455_nohash_0.wav
six/3903b558_nohash_1.wav
six/c842b5e4_nohash_1.wav
six/471a0925_nohash_2.wav
six/f17be97f_nohash_1.wav
six/7c1d8533_nohash_1.wav
six/257e17e0_nohash_0.wav
six/d197e3ae_nohash_4.wav
six/6c0f6493_nohash_4.wav
six/22aa3665_nohash_0.wav
six/3b853f44_nohash_0.wav
six/ad63d93c_nohash_3.wav
six/f2dd248e_nohash_0.wav
six/29b81b73_nohash_2.wav
six/7c1d8533_nohash_3.wav
six/c4e1f6e0_nohash_2.wav
six/264f471d_nohash_2.wav
six/6c0f6493_nohash_0.wav
six/439c84f4_nohash_2.wav
six/ab1299bb_nohash_0.wav
six/d55aa56c_nohash_0.wav
six/cc6bae0d_nohash_0.wav
six/28ef2a01_nohash_0.wav
six/2a89ad5c_nohash_0.wav
six/9db2bfe9_nohash_1.wav
six/dca2797e_nohash_2.wav
six/060cd039_nohash_2.wav
six/bfbd0e6b_nohash_1.wav
six/0ab3b47d_nohash_0.wav
six/c6ee87a7_nohash_0.wav
six/f17be97f_nohash_0.wav
six/264f471d_nohash_3.wav
six/e54a0f16_nohash_2.wav
six/5fadb538_nohash_4.wav
six/7c1d8533_nohash_5.wav
six/f34e6f44_nohash_0.wav
six/1816b768_nohash_0.wav
six/52bfbce8_nohash_0.wav
six/6c0f6493_nohash_2.wav
six/dca2797e_nohash_1.wav
six/db4cf12f_nohash_0.wav
six/bdee441c_nohash_4.wav
six/d9ae8983_nohash_0.wav
six/471a0925_nohash_0.wav
six/67c7fecb_nohash_0.wav
six/171b56dc_nohash_1.wav
six/ec21c46b_nohash_1.wav
six/56eb74ae_nohash_4.wav
six/ae927455_nohash_2.wav
six/c4e1f6e0_nohash_1.wav
six/b0f24c9b_nohash_1.wav
six/d55aa56c_nohash_1.wav
six/e14a99a5_nohash_1.wav
six/56eb74ae_nohash_0.wav
six/7fd25f7c_nohash_1.wav
six/171b56dc_nohash_0.wav
six/6a27a9bf_nohash_1.wav
six/9190045a_nohash_0.wav
six/ab7b5acd_nohash_1.wav
six/1bc45db9_nohash_0.wav
six/48bfde8e_nohash_0.wav
six/099d52ad_nohash_0.wav
six/0e17f595_nohash_0.wav
six/826268f8_nohash_1.wav
six/c842b5e4_nohash_0.wav
six/bc196f81_nohash_1.wav
six/ad63d93c_nohash_4.wav
six/7fd25f7c_nohash_3.wav
six/7fd25f7c_nohash_4.wav
six/28ef2a01_nohash_1.wav
six/7fd25f7c_nohash_2.wav
six/53d5b86f_nohash_3.wav
six/a6d586b7_nohash_3.wav
six/b00dff7e_nohash_0.wav
six/c6ee87a7_nohash_1.wav
six/8523766b_nohash_0.wav
six/bdee441c_nohash_0.wav
six/409c962a_nohash_1.wav
six/c5e3817f_nohash_0.wav
six/962f27eb_nohash_1.wav
six/e54a0f16_nohash_3.wav
six/6940f7f3_nohash_0.wav
six/d197e3ae_nohash_1.wav
six/fc94edb0_nohash_0.wav
six/e8e960fd_nohash_0.wav
six/2643992f_nohash_0.wav
six/56eb74ae_nohash_1.wav
six/b0f24c9b_nohash_2.wav
six/264f471d_nohash_0.wav
six/ec74a8a5_nohash_0.wav
six/dbb40d24_nohash_1.wav
six/d874a786_nohash_0.wav
six/9db2bfe9_nohash_0.wav
six/5fadb538_nohash_2.wav
six/7c1d8533_nohash_4.wav
six/dbaf8fc6_nohash_0.wav
six/ad63d93c_nohash_1.wav
six/d9462202_nohash_0.wav
six/edc53350_nohash_1.wav
six/060cd039_nohash_1.wav
six/27b9a84f_nohash_0.wav
six/9db2bfe9_nohash_2.wav
six/dbb40d24_nohash_2.wav
six/41285056_nohash_1.wav
six/6b81fead_nohash_0.wav
six/fc94edb0_nohash_2.wav
six/41285056_nohash_0.wav
six/6f5b4d3d_nohash_0.wav
six/605ed0ff_nohash_1.wav
six/2e0d80f7_nohash_0.wav
six/dbb40d24_nohash_3.wav
six/f17be97f_nohash_3.wav
six/a6d586b7_nohash_0.wav
six/54d9ccb5_nohash_0.wav
six/264f471d_nohash_4.wav
six/8523766b_nohash_1.wav
six/9d32f10a_nohash_0.wav
six/52bfbce8_nohash_1.wav
six/8335f893_nohash_0.wav
six/67c7fecb_nohash_1.wav
six/1942abd7_nohash_0.wav
